// Jest Snapshot v1, https://goo.gl/fbAQLP

exports[`renders the component correctly 1`] = `
<DocumentFragment>
  <div
    class="homepage"
  >
    <div
      class="menu"
    >
      <a
        aria-label="Go to the Homepage"
        class="logo"
        href="/"
      >
        <img
          alt=""
          src="/nzt_logo.png"
        />
      </a>
      <div
        class="search-form"
      >
        <form>
          <input
            id="search"
            name="search"
            placeholder="Search for a tunneller"
            type="text"
          />
        </form>
        <button
          class="search-form-button"
          type="submit"
        >
          <img
            alt=""
            height="18"
            src="/searching_hover.png"
          />
        </button>
      </div>
    </div>
    <div
      class="main"
    >
      <div>
        History
      </div>
      <div>
        Tunnellers
      </div>
    </div>
  </div>
</DocumentFragment>
`;
