// Jest Snapshot v1, https://goo.gl/fbAQLP

exports[`renders the component correctly 1`] = `
<DocumentFragment>
  <div
    class="notes"
  >
    <h3>
      Notes
    </h3>
    <p>
      <span />
      <span />
      <a
        href="#reference_1"
        id="footnote_1"
      >
        1.
      </a>
      <span>
         Excepteur sint occaecat cupidatat non proident, sunt in culpa qui officia deserunt mollit anim id est laborum.
      </span>
    </p>
    <p>
      <span />
      <span />
      <a
        href="#reference_2"
        id="footnote_2"
      >
        2.
      </a>
      <span>
         Excepteur sint occaecat cupidatat non proident, sunt in culpa qui officia deserunt mollit anim id est laborum.
      </span>
    </p>
  </div>
</DocumentFragment>
`;
