// Jest Snapshot v1, https://goo.gl/fbAQLP

exports[`renders the component correctly 1`] = `
<DocumentFragment>
  <div
    class="halfwidth-cards-container"
  >
    <div
      class="halfwidth-secondary-card"
    >
      <p>
        <img
          alt="British War Medal ribbon"
          src="/images/roll/medals/british-war-medal.png"
          width="40"
        />
      </p>
      <span>
        British War Medal
      </span>
    </div>
    <div
      class="halfwidth-secondary-card"
    >
      <p>
        <img
          alt="Victory Medal ribbon"
          src="/images/roll/medals/victory-medal.png"
          width="40"
        />
      </p>
      <span>
        Victory Medal
      </span>
    </div>
  </div>
</DocumentFragment>
`;
